00:35:58.174 [main]INFO testCases.TC002_Test_Login- *****   TC002_Test_Login staring ********
00:36:00.540 [main]INFO testCases.TC002_Test_Login- ***   Test login is finished **** 
02:15:51.127 [main]INFO testCases.TC002_Test_Login- *****   TC002_Test_Login staring ********
02:15:53.518 [main]INFO testCases.TC002_Test_Login- ***   Test login is finished **** 
02:42:08.212 [main]INFO testCases.TC002_Test_Login- *****   TC002_Test_Login staring ********
02:42:10.502 [main]INFO testCases.TC002_Test_Login- ***   Test login is finished **** 
02:42:56.736 [main]INFO testCases.TC002_Test_Login- *****   TC002_Test_Login staring ********
02:42:59.082 [main]INFO testCases.TC002_Test_Login- ***   Test login is finished **** 
13:01:45.390 [main]INFO testCases.TC002_Test_Login- *****   TC002_Test_Login staring ********
15:00:36.064 [main]INFO testCases.TC002_Test_Login- *****   TC002_Test_Login staring ********
15:00:38.879 [main]INFO testCases.TC002_Test_Login- ***   Test login is finished **** 
15:28:39.949 [main]INFO testCases.TC002_Test_Login- *****   TC002_Test_Login staring ********
15:28:42.246 [main]INFO testCases.TC002_Test_Login- ***   Test login is finished **** 
17:58:17.771 [main]INFO testCases.TC002_Test_Login- *****   TC002_Test_Login staring ********
17:58:20.020 [main]INFO testCases.TC002_Test_Login- ***   Test login is finished **** 
20:40:28.981 [main]INFO testCases.TC002_Test_Login- *****   TC002_Test_Login staring ********
20:40:31.583 [main]INFO testCases.TC002_Test_Login- ***   Test login is finished **** 
20:42:18.291 [main]INFO testCases.TC002_Test_Login- *****   TC002_Test_Login staring ********
20:42:20.937 [main]INFO testCases.TC002_Test_Login- ***   Test login is finished **** 
20:59:41.384 [main]INFO testCases.TC002_Test_Login- *****   TC002_Test_Login staring ********
20:59:44.014 [main]INFO testCases.TC002_Test_Login- ***   Test login is finished **** 
01:38:21.240 [main]DEBUGorg.apache.poi.openxml4j.opc.PackageRelationshipCollection-Parsing relationship: /xl/_rels/workbook.xml.rels
01:38:21.246 [main]DEBUGorg.apache.poi.openxml4j.opc.PackageRelationshipCollection-Parsing relationship: /xl/worksheets/_rels/sheet1.xml.rels
01:38:21.248 [main]DEBUGorg.apache.poi.openxml4j.opc.PackageRelationshipCollection-Parsing relationship: /_rels/.rels
01:38:21.643 [main]DEBUGorg.apache.poi.openxml4j.opc.PackageRelationshipCollection-Parsing relationship: /xl/_rels/workbook.xml.rels
01:38:21.644 [main]DEBUGorg.apache.poi.openxml4j.opc.PackageRelationshipCollection-Parsing relationship: /xl/worksheets/_rels/sheet1.xml.rels
01:38:21.645 [main]DEBUGorg.apache.poi.openxml4j.opc.PackageRelationshipCollection-Parsing relationship: /_rels/.rels
01:38:21.665 [main]DEBUGorg.apache.poi.openxml4j.opc.PackageRelationshipCollection-Parsing relationship: /xl/_rels/workbook.xml.rels
01:38:21.666 [main]DEBUGorg.apache.poi.openxml4j.opc.PackageRelationshipCollection-Parsing relationship: /xl/worksheets/_rels/sheet1.xml.rels
01:38:21.666 [main]DEBUGorg.apache.poi.openxml4j.opc.PackageRelationshipCollection-Parsing relationship: /_rels/.rels
01:38:21.692 [main]DEBUGorg.apache.poi.openxml4j.opc.PackageRelationshipCollection-Parsing relationship: /xl/_rels/workbook.xml.rels
01:38:21.694 [main]DEBUGorg.apache.poi.openxml4j.opc.PackageRelationshipCollection-Parsing relationship: /xl/worksheets/_rels/sheet1.xml.rels
01:38:21.694 [main]DEBUGorg.apache.poi.openxml4j.opc.PackageRelationshipCollection-Parsing relationship: /_rels/.rels
01:38:21.712 [main]DEBUGorg.apache.poi.openxml4j.opc.PackageRelationshipCollection-Parsing relationship: /xl/_rels/workbook.xml.rels
01:38:21.713 [main]DEBUGorg.apache.poi.openxml4j.opc.PackageRelationshipCollection-Parsing relationship: /xl/worksheets/_rels/sheet1.xml.rels
01:38:21.714 [main]DEBUGorg.apache.poi.openxml4j.opc.PackageRelationshipCollection-Parsing relationship: /_rels/.rels
01:38:21.732 [main]DEBUGorg.apache.poi.openxml4j.opc.PackageRelationshipCollection-Parsing relationship: /xl/_rels/workbook.xml.rels
01:38:21.733 [main]DEBUGorg.apache.poi.openxml4j.opc.PackageRelationshipCollection-Parsing relationship: /xl/worksheets/_rels/sheet1.xml.rels
01:38:21.733 [main]DEBUGorg.apache.poi.openxml4j.opc.PackageRelationshipCollection-Parsing relationship: /_rels/.rels
01:38:21.749 [main]DEBUGorg.apache.poi.openxml4j.opc.PackageRelationshipCollection-Parsing relationship: /xl/_rels/workbook.xml.rels
01:38:21.750 [main]DEBUGorg.apache.poi.openxml4j.opc.PackageRelationshipCollection-Parsing relationship: /xl/worksheets/_rels/sheet1.xml.rels
01:38:21.750 [main]DEBUGorg.apache.poi.openxml4j.opc.PackageRelationshipCollection-Parsing relationship: /_rels/.rels
01:38:21.767 [main]DEBUGorg.apache.poi.openxml4j.opc.PackageRelationshipCollection-Parsing relationship: /xl/_rels/workbook.xml.rels
01:38:21.768 [main]DEBUGorg.apache.poi.openxml4j.opc.PackageRelationshipCollection-Parsing relationship: /xl/worksheets/_rels/sheet1.xml.rels
01:38:21.769 [main]DEBUGorg.apache.poi.openxml4j.opc.PackageRelationshipCollection-Parsing relationship: /_rels/.rels
01:38:21.786 [main]DEBUGorg.apache.poi.openxml4j.opc.PackageRelationshipCollection-Parsing relationship: /xl/_rels/workbook.xml.rels
01:38:21.786 [main]DEBUGorg.apache.poi.openxml4j.opc.PackageRelationshipCollection-Parsing relationship: /xl/worksheets/_rels/sheet1.xml.rels
01:38:21.787 [main]DEBUGorg.apache.poi.openxml4j.opc.PackageRelationshipCollection-Parsing relationship: /_rels/.rels
01:38:21.800 [main]DEBUGorg.apache.poi.openxml4j.opc.PackageRelationshipCollection-Parsing relationship: /xl/_rels/workbook.xml.rels
01:38:21.800 [main]DEBUGorg.apache.poi.openxml4j.opc.PackageRelationshipCollection-Parsing relationship: /xl/worksheets/_rels/sheet1.xml.rels
01:38:21.801 [main]DEBUGorg.apache.poi.openxml4j.opc.PackageRelationshipCollection-Parsing relationship: /_rels/.rels
01:38:21.816 [main]DEBUGorg.apache.poi.openxml4j.opc.PackageRelationshipCollection-Parsing relationship: /xl/_rels/workbook.xml.rels
01:38:21.816 [main]DEBUGorg.apache.poi.openxml4j.opc.PackageRelationshipCollection-Parsing relationship: /xl/worksheets/_rels/sheet1.xml.rels
01:38:21.817 [main]DEBUGorg.apache.poi.openxml4j.opc.PackageRelationshipCollection-Parsing relationship: /_rels/.rels
01:38:21.830 [main]DEBUGorg.apache.poi.openxml4j.opc.PackageRelationshipCollection-Parsing relationship: /xl/_rels/workbook.xml.rels
01:38:21.831 [main]DEBUGorg.apache.poi.openxml4j.opc.PackageRelationshipCollection-Parsing relationship: /xl/worksheets/_rels/sheet1.xml.rels
01:38:21.831 [main]DEBUGorg.apache.poi.openxml4j.opc.PackageRelationshipCollection-Parsing relationship: /_rels/.rels
01:38:21.844 [main]DEBUGorg.apache.poi.openxml4j.opc.PackageRelationshipCollection-Parsing relationship: /xl/_rels/workbook.xml.rels
01:38:21.844 [main]DEBUGorg.apache.poi.openxml4j.opc.PackageRelationshipCollection-Parsing relationship: /xl/worksheets/_rels/sheet1.xml.rels
01:38:21.845 [main]DEBUGorg.apache.poi.openxml4j.opc.PackageRelationshipCollection-Parsing relationship: /_rels/.rels
01:38:21.859 [main]DEBUGorg.apache.poi.openxml4j.opc.PackageRelationshipCollection-Parsing relationship: /xl/_rels/workbook.xml.rels
01:38:21.859 [main]DEBUGorg.apache.poi.openxml4j.opc.PackageRelationshipCollection-Parsing relationship: /xl/worksheets/_rels/sheet1.xml.rels
01:38:21.860 [main]DEBUGorg.apache.poi.openxml4j.opc.PackageRelationshipCollection-Parsing relationship: /_rels/.rels
01:38:21.874 [main]DEBUGorg.apache.poi.openxml4j.opc.PackageRelationshipCollection-Parsing relationship: /xl/_rels/workbook.xml.rels
01:38:21.874 [main]DEBUGorg.apache.poi.openxml4j.opc.PackageRelationshipCollection-Parsing relationship: /xl/worksheets/_rels/sheet1.xml.rels
01:38:21.875 [main]DEBUGorg.apache.poi.openxml4j.opc.PackageRelationshipCollection-Parsing relationship: /_rels/.rels
01:38:21.888 [main]DEBUGorg.apache.poi.openxml4j.opc.PackageRelationshipCollection-Parsing relationship: /xl/_rels/workbook.xml.rels
01:38:21.888 [main]DEBUGorg.apache.poi.openxml4j.opc.PackageRelationshipCollection-Parsing relationship: /xl/worksheets/_rels/sheet1.xml.rels
01:38:21.889 [main]DEBUGorg.apache.poi.openxml4j.opc.PackageRelationshipCollection-Parsing relationship: /_rels/.rels
01:38:21.901 [main]DEBUGorg.apache.poi.openxml4j.opc.PackageRelationshipCollection-Parsing relationship: /xl/_rels/workbook.xml.rels
01:38:21.902 [main]DEBUGorg.apache.poi.openxml4j.opc.PackageRelationshipCollection-Parsing relationship: /xl/worksheets/_rels/sheet1.xml.rels
01:38:21.902 [main]DEBUGorg.apache.poi.openxml4j.opc.PackageRelationshipCollection-Parsing relationship: /_rels/.rels
01:46:26.211 [main]INFO testCases.TC002_Test_Login- *****   TC002_Test_Login staring ********
01:46:28.617 [main]INFO testCases.TC002_Test_Login- ***   Test login is finished **** 
02:46:29.364 [main]INFO testCases.TC002_Test_Login- *****   TC002_Test_Login staring ********
02:46:31.875 [main]INFO testCases.TC002_Test_Login- ***   Test login is finished **** 
